// Jest Snapshot v1, https://goo.gl/fbAQLP

exports[`TagsPage renders as expected 1`] = `
<div>
  <div
    class="divide-y divide-gray-200"
  >
    <div
      class="space-y-2 pt-6 pb-8 md:space-y-5"
    >
      <h1
        class="text-3xl font-extrabold leading-9 tracking-tight text-gray-900 sm:text-4xl sm:leading-10 md:text-6xl md:leading-14"
      >
        Tags
      </h1>
    </div>
    <ul
      class="divide-y divide-gray-200 dark:divide-gray-700"
    >
      <li
        class="py-12"
      >
        <a
          href="/tags/label1"
        >
          <span
            class="mr-3 text-sm font-medium uppercase text-primary-500 hover:text-primary-600 dark:hover:text-primary-400"
          >
            #
            label1
          </span>
        </a>
        2
         
        posts
      </li>
      <li
        class="py-12"
      >
        <a
          href="/tags/label2"
        >
          <span
            class="mr-3 text-sm font-medium uppercase text-primary-500 hover:text-primary-600 dark:hover:text-primary-400"
          >
            #
            label2
          </span>
        </a>
        1
         
        posts
      </li>
    </ul>
  </div>
</div>
`;
