// Jest Snapshot v1, https://goo.gl/fbAQLP

exports[`HomePage renders page with posts as expected 1`] = `
<div>
  <div
    class="divide-y divide-gray-200"
  >
    <div
      class="space-y-2 pt-6 pb-8 md:space-y-5"
    >
      <h1
        class="text-3xl font-extrabold leading-9 tracking-tight text-gray-900 sm:text-4xl sm:leading-10 md:text-6xl md:leading-14"
      >
        A bit of
      </h1>
      <p
        class="overflow-hidden whitespace-nowrap font-mono text-lg leading-7 text-gray-500 animate-typing"
      >
        <span
          class="text-sky-500"
        >
          <a
            href="/tags/engineering"
          >
            engineering
          </a>
        </span>
        <span>
           
          and
           
        </span>
        <span
          class="text-orange-500"
        >
          <a
            href="/tags/finance"
          >
            finance
          </a>
        </span>
      </p>
    </div>
    <div
      class="PostsList"
      data-props="with-2-posts"
    />
  </div>
</div>
`;
